
> donorhub@0.1.0 build
> next build

  ▲ Next.js 14.2.5
  - Environments: .env.local, .env

   Creating an optimized production build ...
 ✓ Compiled successfully
   Linting and checking validity of types ...
   Collecting page data ...
PrismaClientConstructorValidationError: Using engine type "client" requires either "adapter" or "accelerateUrl" to be provided to PrismaClient constructor.
Read more at https://pris.ly/d/client-constructor
    at Td (D:\25 websites project\donorhub\node_modules\@prisma\client\runtime\client.js:66:3224)
    at rl (D:\25 websites project\donorhub\node_modules\@prisma\client\runtime\client.js:66:3525)
    at new t (D:\25 websites project\donorhub\node_modules\@prisma\client\runtime\client.js:70:990)
    at 2663 (D:\25 websites project\donorhub\.next\server\app\api\auth\login\route.js:1:2995)
    at t (D:\25 websites project\donorhub\.next\server\webpack-runtime.js:1:127)
    at 4922 (D:\25 websites project\donorhub\.next\server\app\api\auth\login\route.js:1:810)
    at t (D:\25 websites project\donorhub\.next\server\webpack-runtime.js:1:127)
    at r (D:\25 websites project\donorhub\.next\server\app\api\auth\login\route.js:1:3097)
    at D:\25 websites project\donorhub\.next\server\app\api\auth\login\route.js:1:3128
    at t.X (D:\25 websites project\donorhub\.next\server\webpack-runtime.js:1:1191)

> Build error occurred
Error: Failed to collect page data for /api/auth/login
    at D:\25 websites project\donorhub\node_modules\next\dist\build\utils.js:1268:15
    at process.processTicksAndRejections (node:internal/process/task_queues:105:5) {
  type: 'Error'
}
