lib/db.ts(1,10): error TS2305: Module '"@prisma/client"' has no exported member 'PrismaClient'.
prisma/seed.ts(1,10): error TS2305: Module '"@prisma/client"' has no exported member 'PrismaClient'.
test-db.ts(2,10): error TS2305: Module '"@prisma/client"' has no exported member 'PrismaClient'.
test-db.ts(12,23): error TS7006: Parameter 'u' implicitly has an 'any' type.
